// Jest Snapshot v1, https://goo.gl/fbAQLP

exports[`renders correctly 1`] = `
<div
  className="css-1ityhfw"
>
  <h1
    className="css-1e6uix8"
  >
     Causes
  </h1>
  <div
    className="css-1xa8qvg"
  >
    <div
      className="css-1gvoyw2"
    >
      <img
        alt="pic"
        data-nimg="1"
        decoding="async"
        height={100}
        loading="lazy"
        onError={[Function]}
        onLoad={[Function]}
        src="/_next/image?url=%2FCauses%2Fcauses1.png&w=256&q=75"
        srcSet="/_next/image?url=%2FCauses%2Fcauses1.png&w=128&q=75 1x, /_next/image?url=%2FCauses%2Fcauses1.png&w=256&q=75 2x"
        style={
          Object {
            "color": "transparent",
          }
        }
        width={100}
      />
      <p
        className="css-99xlp1"
      >
        Title
      </p>
      <p
        className="css-7ho1qp"
      >
        Lorem ipsum dolor sit amet, consectetur adipiscing elit, sed do eiusmod tempor incididunt ut labore et dolore magna aliqua.
      </p>
    </div>
    <div
      className="css-1gvoyw2"
    >
      <img
        alt="pic"
        data-nimg="1"
        decoding="async"
        height={100}
        loading="lazy"
        onError={[Function]}
        onLoad={[Function]}
        src="/_next/image?url=%2FCauses%2Fcauses2.png&w=256&q=75"
        srcSet="/_next/image?url=%2FCauses%2Fcauses2.png&w=128&q=75 1x, /_next/image?url=%2FCauses%2Fcauses2.png&w=256&q=75 2x"
        style={
          Object {
            "color": "transparent",
          }
        }
        width={100}
      />
      <p
        className="css-99xlp1"
      >
        Title
      </p>
      <p
        className="css-7ho1qp"
      >
        Lorem ipsum dolor sit amet, consectetur adipiscing elit, sed do eiusmod tempor incididunt ut labore et dolore magna aliqua.
      </p>
    </div>
    <div
      className="css-1gvoyw2"
    >
      <img
        alt="pic"
        data-nimg="1"
        decoding="async"
        height={100}
        loading="lazy"
        onError={[Function]}
        onLoad={[Function]}
        src="/_next/image?url=%2FCauses%2Fcauses3.png&w=256&q=75"
        srcSet="/_next/image?url=%2FCauses%2Fcauses3.png&w=128&q=75 1x, /_next/image?url=%2FCauses%2Fcauses3.png&w=256&q=75 2x"
        style={
          Object {
            "color": "transparent",
          }
        }
        width={100}
      />
      <p
        className="css-99xlp1"
      >
        Title
      </p>
      <p
        className="css-7ho1qp"
      >
        Lorem ipsum dolor sit amet, consectetur adipiscing elit, sed do eiusmod tempor incididunt ut labore et dolore magna aliqua.
      </p>
    </div>
  </div>
</div>
`;
