// Jest Snapshot v1, https://goo.gl/fbAQLP

exports[`renders correctly 1`] = `
<div
  className="css-1ityhfw"
>
  <h1
    className="css-1e6uix8"
  >
     
    Causes
  </h1>
  <div
    className="css-1xa8qvg"
  >
    <div
      className="css-ie2zpt"
      data-aos="fade-right"
    >
      <img
        alt="pic"
        data-nimg="1"
        decoding="async"
        height={100}
        loading="lazy"
        onError={[Function]}
        onLoad={[Function]}
        src="/Causes/causes1.svg"
        style={
          Object {
            "color": "transparent",
          }
        }
        width={100}
      />
      <p
        className="css-99xlp1"
      >
        sustainability
      </p>
      <p
        className="css-7ho1qp"
      >
        sustainabilityartical
      </p>
    </div>
    <div
      className="css-ie2zpt"
    >
      <img
        alt="pic"
        data-nimg="1"
        decoding="async"
        height={100}
        loading="lazy"
        onError={[Function]}
        onLoad={[Function]}
        src="/Causes/causes2.svg"
        style={
          Object {
            "color": "transparent",
          }
        }
        width={100}
      />
      <p
        className="css-99xlp1"
      >
        cooperation
      </p>
      <p
        className="css-7ho1qp"
      >
        cooperationartical
      </p>
    </div>
    <div
      className="css-ie2zpt"
      data-aos="fade-left"
    >
      <img
        alt="pic"
        data-nimg="1"
        decoding="async"
        height={100}
        loading="lazy"
        onError={[Function]}
        onLoad={[Function]}
        src="/Causes/causes3.svg"
        style={
          Object {
            "color": "transparent",
          }
        }
        width={100}
      />
      <p
        className="css-99xlp1"
      >
        giving
      </p>
      <p
        className="css-7ho1qp"
      >
        givingartical
      </p>
    </div>
  </div>
</div>
`;
