// Jest Snapshot v1, https://goo.gl/fbAQLP

exports[`renders correctly 1`] = `
<div
  className="css-10ofioq"
  data-aos="fade-up"
  data-aos-duration="1000"
>
  <div
    className="css-4nncao"
  >
    <h2
      className="css-1gu5a0a"
    />
    <p
      className="css-2496h4"
    >
      ...
    </p>
    <button
      className="css-l0swh0"
    >
      <a
        href="Blogs/undefined"
        onClick={[Function]}
        onMouseEnter={[Function]}
        onTouchStart={[Function]}
      >
        <span>
          ReadMore
        </span>
      </a>
    </button>
  </div>
  <div
    className="css-10lyku1"
  >
    <img
      alt="BlogPhoto"
      className="css-iuffjg"
      data-nimg="1"
      decoding="async"
      height={432}
      onError={[Function]}
      onLoad={[Function]}
      src=""
      style={
        Object {
          "color": "transparent",
        }
      }
      width={661}
    />
  </div>
</div>
`;
