// Jest Snapshot v1, https://goo.gl/fbAQLP

exports[`renders correctly 1`] = `
<div>
  <h1
    className="css-tv3vc1"
  >
    Popular Items
  </h1>
  <div
    className="css-1c1oze8"
  >
    <div
      className="css-1g10bgd"
    >
      <img
        alt="CardImage"
        className="css-1ygfzho"
        data-nimg="1"
        decoding="async"
        height={185.44}
        loading="lazy"
        onError={[Function]}
        onLoad={[Function]}
        src="/images/Cardimg.svg"
        style={
          Object {
            "color": "transparent",
          }
        }
        width={258.4}
      />
      <div
        className="css-gdod6k"
      >
        <div
          className="css-11fp3er"
        >
          <img
            alt="Icon"
            className="css-1ykqelx"
            data-nimg="1"
            decoding="async"
            height={22.61}
            loading="lazy"
            onError={[Function]}
            onLoad={[Function]}
            src="/images/Vector.svg"
            style={
              Object {
                "color": "transparent",
              }
            }
            width={17.77}
          />
          <p
            className="css-dczg8a"
          >
            Istanbol
          </p>
        </div>
        <p
          className="css-1b669ro"
        >
          Clothes
        </p>
        <p
          className="css-d0iw6l"
        >
          Short description for the available item
           
        </p>
      </div>
    </div>
    <div
      className="css-1g10bgd"
    >
      <img
        alt="CardImage"
        className="css-1ygfzho"
        data-nimg="1"
        decoding="async"
        height={185.44}
        loading="lazy"
        onError={[Function]}
        onLoad={[Function]}
        src="/images/Cardimg.svg"
        style={
          Object {
            "color": "transparent",
          }
        }
        width={258.4}
      />
      <div
        className="css-11fp3er"
      >
        <img
          alt="Icon"
          className="css-1ykqelx"
          data-nimg="1"
          decoding="async"
          height={22.61}
          loading="lazy"
          onError={[Function]}
          onLoad={[Function]}
          src="/images/Vector.svg"
          style={
            Object {
              "color": "transparent",
            }
          }
          width={17.77}
        />
        <p
          className="css-dczg8a"
        >
          Istanbol
        </p>
      </div>
      <p
        className="css-1b669ro"
      >
        Clothes
      </p>
      <p
        className="css-d0iw6l"
      >
        Short description for the available item
         
      </p>
    </div>
    <div
      className="css-1g10bgd"
    >
      <img
        alt="CardImage"
        className="css-1ygfzho"
        data-nimg="1"
        decoding="async"
        height={185.44}
        loading="lazy"
        onError={[Function]}
        onLoad={[Function]}
        src="/images/Cardimg.svg"
        style={
          Object {
            "color": "transparent",
          }
        }
        width={258.4}
      />
      <div
        className="css-11fp3er"
      >
        <img
          alt="Icon"
          className="css-1ykqelx"
          data-nimg="1"
          decoding="async"
          height={22.61}
          loading="lazy"
          onError={[Function]}
          onLoad={[Function]}
          src="/images/Vector.svg"
          style={
            Object {
              "color": "transparent",
            }
          }
          width={17.77}
        />
        <p
          className="css-dczg8a"
        >
          Istanbol
        </p>
      </div>
      <p
        className="css-1b669ro"
      >
        Clothes
      </p>
      <p
        className="css-d0iw6l"
      >
        Short description for the available item
         
      </p>
    </div>
    <div
      className="css-1g10bgd"
    >
      <img
        alt="CardImage"
        className="css-1ygfzho"
        data-nimg="1"
        decoding="async"
        height={185.44}
        loading="lazy"
        onError={[Function]}
        onLoad={[Function]}
        src="/images/Cardimg.svg"
        style={
          Object {
            "color": "transparent",
          }
        }
        width={258.4}
      />
      <div
        className="css-11fp3er"
      >
        <img
          alt="Icon"
          className="css-1ykqelx"
          data-nimg="1"
          decoding="async"
          height={22.61}
          loading="lazy"
          onError={[Function]}
          onLoad={[Function]}
          src="/images/Vector.svg"
          style={
            Object {
              "color": "transparent",
            }
          }
          width={17.77}
        />
        <p
          className="css-dczg8a"
        >
          Istanbol
        </p>
      </div>
      <p
        className="css-1b669ro"
      >
        Clothes
      </p>
      <p
        className="css-d0iw6l"
      >
        Short description for the available item
         
      </p>
    </div>
    <div
      className="css-1g10bgd"
    >
      <img
        alt="CardImage"
        className="css-1ygfzho"
        data-nimg="1"
        decoding="async"
        height={185.44}
        loading="lazy"
        onError={[Function]}
        onLoad={[Function]}
        src="/images/Cardimg.svg"
        style={
          Object {
            "color": "transparent",
          }
        }
        width={258.4}
      />
      <div
        className="css-11fp3er"
      >
        <img
          alt="Icon"
          className="css-1ykqelx"
          data-nimg="1"
          decoding="async"
          height={22.61}
          loading="lazy"
          onError={[Function]}
          onLoad={[Function]}
          src="/images/Vector.svg"
          style={
            Object {
              "color": "transparent",
            }
          }
          width={17.77}
        />
        <p
          className="css-dczg8a"
        >
          Istanbol
        </p>
      </div>
      <p
        className="css-1b669ro"
      >
        Clothes
      </p>
      <p
        className="css-d0iw6l"
      >
        Short description for the available item
         
      </p>
    </div>
  </div>
  <hr
    className="css-19ocln0"
  />
</div>
`;
