// Jest Snapshot v1, https://goo.gl/fbAQLP

exports[`renders correctly 1`] = `
<div
  className="css-18txov4"
>
  <div
    className="css-kwjz0o"
  >
    <div
      className="css-1s00oby"
    >
      <div
        className="css-bk7yxo"
      >
        <div>
          <p>
            Lorem ipsum dolor sit amet, consectetur adipiscing elit, sed do eiusmod tempor incididunt ut labore et dolore magna aliqua. Ut enim ad minim veniam, quis nostrud exercitation ullamco laboris nisi ut aliquip ex ea commodo consequat.
          </p>
        </div>
        <button
          className="css-pxz2l5"
        >
          Donate Now
        </button>
      </div>
      <img
        alt="Introduction"
        className="css-1uzgikl"
        data-nimg="1"
        decoding="async"
        height={370}
        loading="lazy"
        onError={[Function]}
        onLoad={[Function]}
        src="/_next/image?url=%2Fimages%2Fhero1.png&w=1080&q=75"
        srcSet="/_next/image?url=%2Fimages%2Fhero1.png&w=640&q=75 1x, /_next/image?url=%2Fimages%2Fhero1.png&w=1080&q=75 2x"
        style={
          Object {
            "color": "transparent",
          }
        }
        width={470}
      />
    </div>
  </div>
  <div
    className="css-s5l97y"
  />
</div>
`;
