// Jest Snapshot v1, https://goo.gl/fbAQLP

exports[`renders correctly 1`] = `
<header
  className="css-ga8lz6"
>
  <nav
    className="css-97a4l7"
  >
    <a
      className="css-1qj8w5r"
      href="/"
      onClick={[Function]}
      onMouseEnter={[Function]}
      onTouchStart={[Function]}
    >
      <div
        className="css-1q0bv5v"
        onClick={[Function]}
      >
        <img
          className="css-x41lxq"
          src="./images/Logo.svg"
        />
      </div>
    </a>
    <div
      className="css-pkg6m"
      onBlur={[Function]}
      onClick={[Function]}
    >
      <div
        className="css-w9k2l0"
      />
      <div
        className="css-w9k2l0"
      />
      <div
        className="css-w9k2l0"
      />
    </div>
    <div
      className="css-1t7ejvz"
    >
      <div
        className="css-11f3fck"
      >
        <div
          className="css-1c5viz"
        >
          <button
            className="css-17usi8j"
            onBlur={[Function]}
            onClick={[Function]}
          >
            <img
              className="css-gdzbep"
              src="./images/users.svg"
            />
          </button>
        </div>
        <div
          className="css-1c5viz"
        >
          <button
            className="css-17usi8j"
            onBlur={[Function]}
            onClick={[Function]}
          >
            <img
              className="css-gdzbep"
              src="./images/flag.svg"
            />
            <img
              className="css-jcgd1c"
              src="./images/arrow.svg"
            />
          </button>
        </div>
      </div>
    </div>
  </nav>
</header>
`;
