// Jest Snapshot v1, https://goo.gl/fbAQLP

exports[`renders correctly 1`] = `
<header
  className="css-15n33le"
>
  <nav
    className="css-97a4l7"
  >
    <a
      className="css-1kc05pi"
      href="/"
      onClick={[Function]}
      onMouseEnter={[Function]}
      onTouchStart={[Function]}
    >
      <div
        className="css-vhhyfh"
        onClick={[Function]}
      >
        <img
          className="css-1kh5p4n"
          src="/images/Logo.svg"
        />
      </div>
    </a>
    <div
      className="css-8fymys"
      onClick={[Function]}
    >
      <div
        className="css-w9k2l0"
      />
      <div
        className="css-w9k2l0"
      />
      <div
        className="css-w9k2l0"
      />
    </div>
    <div
      className="css-1t7ejvz"
    >
      <div
        className="css-1x194yc"
      >
        <div
          onClick={[Function]}
        >
          <a
            className="css-148a5t1"
            href="/undefined/"
          >
            <span
              dangerouslySetInnerHTML={
                Object {
                  "__html": "home",
                }
              }
            />
          </a>
        </div>
        <div
          onClick={[Function]}
        >
          <a
            className="css-148a5t1"
            href="/undefined/Aboutus"
          >
            <span
              dangerouslySetInnerHTML={
                Object {
                  "__html": "aboutus",
                }
              }
            />
          </a>
        </div>
        <div
          onClick={[Function]}
        >
          <a
            className="css-148a5t1"
            href="/undefined/Products"
          >
            <span
              dangerouslySetInnerHTML={
                Object {
                  "__html": "Products",
                }
              }
            />
          </a>
        </div>
        <div
          onClick={[Function]}
        >
          <a
            className="css-148a5t1"
            href="/undefined/Blogs"
          >
            <span
              dangerouslySetInnerHTML={
                Object {
                  "__html": "Blogs",
                }
              }
            />
          </a>
        </div>
        <div
          className="css-13uj0p8"
          onClick={[Function]}
        >
          X
        </div>
      </div>
      <div
        className="css-11erx38"
      >
        <div
          className="css-1uoaaas"
        >
          <button
            className="css-nru6sm"
            onBlur={[Function]}
            onClick={[Function]}
          >
            <img
              className="css-55gwj7"
              src="/images/users.svg"
            />
          </button>
        </div>
        <div
          className="css-1uoaaas"
        >
          <button
            className="css-nru6sm"
            onBlur={[Function]}
            onClick={[Function]}
          >
            <img
              className="css-55gwj7"
              src="/images/flag.svg"
            />
            <img
              className="css-jcgd1c"
              src="/images/arrow.svg"
            />
          </button>
        </div>
      </div>
    </div>
  </nav>
</header>
`;
