// Jest Snapshot v1, https://goo.gl/fbAQLP

exports[`renders correctly 1`] = `
<div
  className="css-1st69g8"
>
  <div
    className="css-1k7kckz"
  >
    <img
      alt="Blog Image"
      className="css-1ygfzho"
      data-nimg="1"
      decoding="async"
      height={217.41}
      loading="lazy"
      onError={[Function]}
      onLoad={[Function]}
      src="images/donation.svg"
      style={
        Object {
          "color": "transparent",
        }
      }
      width={328.57}
    />
    <div
      className="css-1xxa61n"
    >
      2 July
    </div>
  </div>
  <div
    className="css-qhrrsi"
  >
    Blog Title
  </div>
  <p
    className="css-s62muy"
  >
    Lorem ipsum dolor sit amet, consectetur adipiscing elit, sed do eiusmod tempor incididunt ut labore et dolore
  </p>
</div>
`;
