// Jest Snapshot v1, https://goo.gl/fbAQLP

exports[`renders correctly 1`] = `
<div
  className="css-1j90myt"
>
  <div
    className="css-omk73n"
  >
    <img
      alt="Profile Image"
      className="css-13rhrcf"
      data-nimg="1"
      decoding="async"
      height={222}
      loading="lazy"
      onError={[Function]}
      onLoad={[Function]}
      src="/_next/image?url=%2Fimg.jpg&w=640&q=75"
      srcSet="/_next/image?url=%2Fimg.jpg&w=256&q=75 1x, /_next/image?url=%2Fimg.jpg&w=640&q=75 2x"
      style={
        Object {
          "color": "transparent",
        }
      }
      width={222}
    />
    <span
      className="css-35o1u0"
    >
      Name
       
      Surname
    </span>
    <span
      className="css-35o1u0"
    >
      Sana'a
    </span>
  </div>
  <div
    className="css-lj1f2b"
  >
    <div
      className="css-4dleh3"
    >
      <span
        className="css-35o1u0"
      >
        Name
         
        Surname
      </span>
      <span
        className="css-35o1u0"
      >
        Sana'a
      </span>
    </div>
    <div
      className="css-4dleh3"
    >
      <span
        className="css-35o1u0"
      >
        Phone:
        777888999
      </span>
      <span
        className="css-35o1u0"
      >
        Email: 
        test@example.com
      </span>
    </div>
    <div
      className="css-4dleh3"
    >
      <span
        className="css-35o1u0"
      >
        Language: 
        En
      </span>
    </div>
    <button
      className="css-1h6mr8"
    >
      <img
        alt="Edit"
        data-nimg="1"
        decoding="async"
        height={40}
        loading="lazy"
        onError={[Function]}
        onLoad={[Function]}
        src="/_next/image?url=%2Fimg.jpg&w=96&q=75"
        srcSet="/_next/image?url=%2Fimg.jpg&w=48&q=75 1x, /_next/image?url=%2Fimg.jpg&w=96&q=75 2x"
        style={
          Object {
            "color": "transparent",
          }
        }
        width={40}
      />
    </button>
  </div>
</div>
`;
