// Jest Snapshot v1, https://goo.gl/fbAQLP

exports[`renders correctly 1`] = `
<div
  className="css-il3fo8"
>
  <div
    className="css-omk73n"
  >
    <img
      alt="ProfileImage"
      className="css-vn9ci3"
      data-nimg="1"
      decoding="async"
      height={222}
      onError={[Function]}
      onLoad={[Function]}
      src="/_next/image?url=%2Fimg.jpg&w=640&q=75"
      srcSet="/_next/image?url=%2Fimg.jpg&w=256&q=75 1x, /_next/image?url=%2Fimg.jpg&w=640&q=75 2x"
      style={
        Object {
          "color": "transparent",
        }
      }
      width={222}
    />
    <span
      className="css-35o1u0"
    >
       
    </span>
    <span
      className="css-35o1u0"
    />
  </div>
  <div
    className="css-1e4byr1"
  >
    <div
      className="css-1yw0kxu"
    >
      <span
        className="css-35o1u0"
      >
        name
         :  
         
      </span>
      <span
        className="css-35o1u0"
      />
    </div>
    <div
      className="css-1yw0kxu"
    >
      <span
        className="css-35o1u0"
      >
        phone
         :  
      </span>
      <span
        className="css-35o1u0"
      >
        email
         :  
        ..
      </span>
    </div>
    <div
      className="css-1yw0kxu"
    >
      <span
        className="css-35o1u0"
      >
        language
         : 
        En
      </span>
    </div>
    <button
      className="css-jcwlzp"
    >
      <a
        href="/Updateuser"
        onClick={[Function]}
        onMouseEnter={[Function]}
        onTouchStart={[Function]}
      >
        <img
          alt="Edit"
          className="css-1oygifg"
          data-nimg="1"
          decoding="async"
          height={40}
          loading="lazy"
          onError={[Function]}
          onLoad={[Function]}
          src="/_next/image?url=%2Fimg.jpg&w=96&q=75"
          srcSet="/_next/image?url=%2Fimg.jpg&w=48&q=75 1x, /_next/image?url=%2Fimg.jpg&w=96&q=75 2x"
          style={
            Object {
              "color": "transparent",
            }
          }
          width={40}
        />
      </a>
    </button>
  </div>
</div>
`;
