// Jest Snapshot v1, https://goo.gl/fbAQLP

exports[`renders correctly 1`] = `
<div
  className="css-0"
>
  <h2
    className="css-te3fgk"
  >
    Add Item 
  </h2>
  <div
    className="css-1ieito0"
  >
    <form
      className="css-0"
      method="post"
    >
      <div
        className="css-vaakcf"
      >
        <label
          className="css-1afg2bl"
        >
          Title
        </label>
        <input
          className="css-2hmwtj"
          placeholder="Placeholder"
          type="text"
        />
      </div>
      <div
        className="css-vaakcf"
      >
        <label
          className="css-s7589y"
        >
          Catogry
        </label>
        <select
          className="css-qdiq2j"
          placeholder="Select catogry"
          type="dropdown"
        >
          <option
            className="css-0"
            disabled={true}
            selected={true}
          >
            Select catogry
          </option>
          <option
            className="css-0"
          >
            Catogry1
          </option>
          <option
            className="css-0"
          >
            Catogry2
          </option>
          <option
            className="css-0"
          >
            Catogry3
          </option>
          <option
            className="css-0"
          >
            Catogry4
          </option>
        </select>
      </div>
      <div
        className="css-vaakcf"
      >
        <label
          className="css-s7589y"
        >
          Location
        </label>
        <select
          className="css-rfq8sg"
        >
          <option
            className="css-0"
            disabled={true}
            selected={true}
          >
            Select Location
          </option>
          <option
            className="css-0"
          >
            Istanbol
          </option>
          <option
            className="css-0"
          >
            Sanaa
          </option>
          <option
            className="css-0"
          >
            Mukallah
          </option>
          <option
            className="css-0"
          >
            Istanbol
          </option>
        </select>
      </div>
      <div
        className="css-vaakcf"
      >
        <label
          className="css-s7589y"
        >
          Description
        </label>
        <textarea
          className="css-1qlc3dx"
          cols="105"
          placeholder="Description Item"
          rows="10"
        />
      </div>
      <div
        className="css-vaakcf"
      >
        <label
          className="css-s7589y"
        >
          Upload Photos
        </label>
        <div
          className="css-sdzzex"
        >
          <span
            className="css-1rnihqj"
          >
            Upload Photos
          </span>
          <input
            className="css-1u5iiy7"
            type="file"
          />
        </div>
      </div>
      <div
        className="css-11bfjdc"
      >
        <button
          className="css-1sq15is"
          type="submit"
        >
          <span
            className="css-1t0xqtl"
          >
            Confirm
          </span>
        </button>
        <button
          className="css-1hhxna"
          type="submit"
        >
          <span
            className="css-whghps"
          >
            Cancel
          </span>
        </button>
      </div>
    </form>
  </div>
</div>
`;
