// Jest Snapshot v1, https://goo.gl/fbAQLP

exports[`renders correctly 1`] = `
<div
  className="css-u9y4yi"
>
  <h2
    className="css-te3fgk"
  >
    Add Item 
  </h2>
  <div
    className="css-1ieito0"
  >
    <form
      className="css-0"
      method="post"
      onSubmit={[Function]}
    >
      <div
        className="css-vaakcf"
      >
        <label
          className="css-a1lghw"
        >
          Title
        </label>
        <input
          className="css-1rmatr1"
          name="title"
          onChange={[Function]}
          placeholder="Placeholder"
          type="text"
        />
      </div>
      <div
        className="css-vaakcf"
      >
        <label
          className="css-1hrsy57"
        >
          Catogry
        </label>
        <select
          className="css-1q4qui3"
          name="category"
          onChange={[Function]}
          placeholder="Select catogry"
          type="dropdown"
        >
          <option
            className="css-0"
            disabled={true}
            selected={true}
          >
            Select catogry
          </option>
        </select>
      </div>
      <div
        className="css-vaakcf"
      >
        <label
          className="css-1hrsy57"
        >
          Location
        </label>
        <select
          className="css-rf41zd"
          name="location"
          onChange={[Function]}
        >
          <option
            className="css-0"
            disabled={true}
            selected={true}
          >
            Select Location
          </option>
        </select>
      </div>
      <div
        className="css-vaakcf"
      >
        <label
          className="css-1hrsy57"
        >
          Description
        </label>
        <textarea
          className="css-1cmfmn2"
          cols="105"
          name="description"
          onChange={[Function]}
          placeholder="Description Item"
          rows="10"
        />
      </div>
      <div
        className="css-z7zccs"
      >
        <label
          className="css-s7589y"
        >
          Upload Photos
        </label>
        <div
          className="css-1ke4kmr"
        >
          <img
            alt="thumbnail"
            className="css-vnyxpp"
            data-nimg="1"
            decoding="async"
            height={40}
            loading="lazy"
            onError={[Function]}
            onLoad={[Function]}
            src="/_next/image?url=%2Fimg.jpg&w=96&q=75"
            srcSet="/_next/image?url=%2Fimg.jpg&w=48&q=75 1x, /_next/image?url=%2Fimg.jpg&w=96&q=75 2x"
            style={
              Object {
                "color": "transparent",
              }
            }
            width={40}
          />
          <span
            className="css-b6psj7"
          >
            Upload Photos
          </span>
          <input
            className="css-1haxaoa"
            onChange={[Function]}
            placeholder="Upload Photos"
            type="file"
          />
        </div>
      </div>
      <div
        className="css-11bfjdc"
      >
        <button
          className="css-1pjyio5"
          disabled={true}
          type="submit"
        >
          <span
            className="css-1t0xqtl"
          >
            Confirm
          </span>
        </button>
        <a
          href="/listOfItems"
          onClick={[Function]}
          onMouseEnter={[Function]}
          onTouchStart={[Function]}
        >
          <button
            className="css-1hhxna"
            type="submit"
          >
            <span
              className="css-whghps"
            >
              Cancel
            </span>
          </button>
        </a>
      </div>
    </form>
  </div>
</div>
`;
