// Jest Snapshot v1, https://goo.gl/fbAQLP

exports[`renders correctly 1`] = `
<div
  className="css-1e2fy0l"
>
  <div
    className="css-1ieito0"
  >
    <div
      className="css-1ppew63"
    >
      <h1
        className="css-2tqzfo"
      >
        Log in
      </h1>
      <form
        className="css-16uc8yn"
        onSubmit={[Function]}
      >
        <div
          className="css-1ohf0ui"
        >
          <div
            className="css-tjuh7q"
          >
            <div
              className="css-qhtill"
            >
              <label
                className="css-3vajn4"
              >
                Email
              </label>
              <input
                className="css-kij3yw"
                id="email"
                name="email"
                onChange={[Function]}
                placeholder="Enter your email"
                type="text"
                value=""
              />
            </div>
            <div
              className="css-qhtill"
            >
              <label
                className="css-3vajn4"
              >
                Password
              </label>
              <input
                className="css-kij3yw"
                onChange={[Function]}
                placeholder="Enter your password"
                type="password"
                value=""
              />
            </div>
            <label
              className="css-1euclyk"
            >
              <input
                checked={false}
                className="css-gpgqoe"
                onChange={[Function]}
                type="checkbox"
              />
              keep me logged in
            </label>
            <button
              className="css-1ai2m3g"
              type="submit"
            >
              <span
                className="css-465t2s"
              >
                Log in
              </span>
            </button>
          </div>
        </div>
      </form>
      <div
        className="css-tjuh7q"
      >
        <div
          className="css-1x1ovri"
        >
          <p
            className="css-54j68d"
          >
            Do not have an account ?
            <a
              className="css-1p3t3s0"
              href="/Signup"
            >
              Sign up
            </a>
          </p>
          <a
            className="css-gw1mbz"
            href="/Forgetpassword"
          >
            Forget Password
          </a>
        </div>
        <p
          className="css-uc1awu"
        >
          Log in with
        </p>
        <div
          className="css-1mzzuk6"
        >
          <img
            alt="Facebook"
            className="css-1vai4q9"
            data-nimg="1"
            decoding="async"
            height={42.3}
            loading="lazy"
            onError={[Function]}
            onLoad={[Function]}
            src="./images/Facebook.svg"
            style={
              Object {
                "color": "transparent",
              }
            }
            width={42.3}
          />
          <img
            alt="Instagram"
            className="css-1vai4q9"
            data-nimg="1"
            decoding="async"
            height={42.3}
            loading="lazy"
            onError={[Function]}
            onLoad={[Function]}
            src="./images/Instagram.svg"
            style={
              Object {
                "color": "transparent",
              }
            }
            width={42.3}
          />
          <img
            alt="Linkedin"
            className="css-1vai4q9"
            data-nimg="1"
            decoding="async"
            height={42.3}
            loading="lazy"
            onError={[Function]}
            onLoad={[Function]}
            src="./images/Linkedin.svg"
            style={
              Object {
                "color": "transparent",
              }
            }
            width={42.3}
          />
        </div>
      </div>
    </div>
    <div
      className="css-12lhnmd"
    >
      <img
        alt="sign in"
        className="css-0"
        data-nimg="1"
        decoding="async"
        height={650}
        loading="lazy"
        onError={[Function]}
        onLoad={[Function]}
        src="./images/Signin.svg"
        style={
          Object {
            "color": "transparent",
          }
        }
        width={750}
      />
    </div>
  </div>
</div>
`;
